09:18:30 **** Incremental Build of configuration Debug for project 007_usart2_int_pend ****
make -j4 all 
arm-none-eabi-gcc "../Src/main.c" -mcpu=cortex-m4 -std=gnu11 -g3 -DDEBUG -DNUCLEO_F401RE -DSTM32 -DSTM32F401RETx -DSTM32F4 -c -I../Inc -O0 -ffunction-sections -fdata-sections -Wall -fstack-usage -fcyclomatic-complexity -MMD -MP -MF"Src/main.d" -MT"Src/main.o" --specs=nano.specs -mfpu=fpv4-sp-d16 -mfloat-abi=hard -mthumb -o "Src/main.o"
arm-none-eabi-gcc -o "007_usart2_int_pend.elf" @"objects.list"   -mcpu=cortex-m4 -T"/home/deep/Desktop/Udemy_Arm_Cortex_M3_M4/cortexmx/007_usart2_int_pend/STM32F401RETX_FLASH.ld" --specs=nosys.specs -Wl,-Map="007_usart2_int_pend.map" -Wl,--gc-sections -static --specs=nano.specs -mfpu=fpv4-sp-d16 -mfloat-abi=hard -mthumb -Wl,--start-group -lc -lm -Wl,--end-group
Finished building target: 007_usart2_int_pend.elf
 
arm-none-eabi-size  007_usart2_int_pend.elf 
arm-none-eabi-objdump -h -S 007_usart2_int_pend.elf  > "007_usart2_int_pend.list"
   text	   data	    bss	    dec	    hex	filename
   3388	     92	   1900	   5380	   1504	007_usart2_int_pend.elf
Finished building: default.size.stdout
 
Finished building: 007_usart2_int_pend.list
 

09:18:32 Build Finished. 0 errors, 0 warnings. (took 1s.896ms)

