20:50:20 **** Incremental Build of configuration Debug for project 008_config_priority ****
make -j4 all 
arm-none-eabi-gcc "../Src/main.c" -mcpu=cortex-m4 -std=gnu11 -g3 -DDEBUG -DNUCLEO_F401RE -DSTM32 -DSTM32F401RETx -DSTM32F4 -c -I../Inc -O0 -ffunction-sections -fdata-sections -Wall -fstack-usage -fcyclomatic-complexity -MMD -MP -MF"Src/main.d" -MT"Src/main.o" --specs=nano.specs -mfpu=fpv4-sp-d16 -mfloat-abi=hard -mthumb -o "Src/main.o"
arm-none-eabi-gcc -o "008_config_priority.elf" @"objects.list"   -mcpu=cortex-m4 -T"/home/deep/Desktop/Udemy_Arm_Cortex_M3_M4/cortexmx/008_config_priority/STM32F401RETX_FLASH.ld" --specs=nosys.specs -Wl,-Map="008_config_priority.map" -Wl,--gc-sections -static --specs=nano.specs -mfpu=fpv4-sp-d16 -mfloat-abi=hard -mthumb -Wl,--start-group -lc -lm -Wl,--end-group
Finished building target: 008_config_priority.elf
 
arm-none-eabi-size  008_config_priority.elf 
arm-none-eabi-objdump -h -S 008_config_priority.elf  > "008_config_priority.list"
   text	   data	    bss	    dec	    hex	filename
   3588	    104	   1904	   5596	   15dc	008_config_priority.elf
Finished building: default.size.stdout
 
Finished building: 008_config_priority.list
 

20:50:22 Build Finished. 0 errors, 0 warnings. (took 1s.887ms)

