08:40:46 **** Incremental Build of configuration Debug for project 011_svc_exception ****
make -j4 all 
arm-none-eabi-gcc "../Src/main.c" -mcpu=cortex-m4 -std=gnu11 -g3 -DDEBUG -DNUCLEO_F401RE -DSTM32 -DSTM32F401RETx -DSTM32F4 -c -I../Inc -O0 -ffunction-sections -fdata-sections -Wall -fstack-usage -fcyclomatic-complexity -MMD -MP -MF"Src/main.d" -MT"Src/main.o" --specs=nano.specs -mfpu=fpv4-sp-d16 -mfloat-abi=hard -mthumb -o "Src/main.o"
../Src/main.c: In function 'main':
../Src/main.c:37:40: warning: format '%d' expects argument of type 'int', but argument 2 has type 'uint32_t' {aka 'long unsigned int'} [-Wformat=]
   37 |         printf("Altered SVC numeber : %d\n", data);
      |                                       ~^     ~~~~
      |                                        |     |
      |                                        int   uint32_t {aka long unsigned int}
      |                                       %ld
arm-none-eabi-gcc -o "011_svc_exception.elf" @"objects.list"   -mcpu=cortex-m4 -T"/home/deep/Desktop/Udemy_Arm_Cortex_M3_M4/cortexmx/011_svc_exception/STM32F401RETX_FLASH.ld" --specs=nosys.specs -Wl,-Map="011_svc_exception.map" -Wl,--gc-sections -static --specs=nano.specs -mfpu=fpv4-sp-d16 -mfloat-abi=hard -mthumb -Wl,--start-group -lc -lm -Wl,--end-group
Finished building target: 011_svc_exception.elf
 
arm-none-eabi-size  011_svc_exception.elf 
arm-none-eabi-objdump -h -S 011_svc_exception.elf  > "011_svc_exception.list"
   text	   data	    bss	    dec	    hex	filename
   5304	     92	   1900	   7296	   1c80	011_svc_exception.elf
Finished building: default.size.stdout
 
Finished building: 011_svc_exception.list
 

08:40:48 Build Finished. 0 errors, 1 warnings. (took 1s.834ms)

