09:01:11 **** Incremental Build of configuration Debug for project 012_svc_operation ****
make -j4 all 
arm-none-eabi-gcc "../Src/main.c" -mcpu=cortex-m4 -std=gnu11 -g3 -DDEBUG -DNUCLEO_F401RE -DSTM32 -DSTM32F401RETx -DSTM32F4 -c -I../Inc -O0 -ffunction-sections -fdata-sections -Wall -fstack-usage -fcyclomatic-complexity -MMD -MP -MF"Src/main.d" -MT"Src/main.o" --specs=nano.specs -mfpu=fpv4-sp-d16 -mfloat-abi=hard -mthumb -o "Src/main.o"
arm-none-eabi-gcc -o "012_svc_operation.elf" @"objects.list"   -mcpu=cortex-m4 -T"/home/deep/Desktop/Udemy_Arm_Cortex_M3_M4/cortexmx/012_svc_operation/STM32F401RETX_FLASH.ld" --specs=nosys.specs -Wl,-Map="012_svc_operation.map" -Wl,--gc-sections -static --specs=nano.specs -mfpu=fpv4-sp-d16 -mfloat-abi=hard -mthumb -Wl,--start-group -lc -lm -Wl,--end-group
Finished building target: 012_svc_operation.elf
 
arm-none-eabi-size  012_svc_operation.elf 
arm-none-eabi-objdump -h -S 012_svc_operation.elf  > "012_svc_operation.list"
   text	   data	    bss	    dec	    hex	filename
   5528	     92	   1900	   7520	   1d60	012_svc_operation.elf
Finished building: default.size.stdout
 
Finished building: 012_svc_operation.list
 

09:01:13 Build Finished. 0 errors, 0 warnings. (took 1s.889ms)

