11:21:15 **** Incremental Build of configuration Debug for project 002_inline_1 ****
make -j4 all 
arm-none-eabi-gcc "../Src/main.c" -mcpu=cortex-m4 -std=gnu11 -g3 -DDEBUG -DNUCLEO_F401RE -DSTM32 -DSTM32F401RETx -DSTM32F4 -c -I../Inc -O0 -ffunction-sections -fdata-sections -Wall -fstack-usage -fcyclomatic-complexity -MMD -MP -MF"Src/main.d" -MT"Src/main.o" --specs=nano.specs -mfpu=fpv4-sp-d16 -mfloat-abi=hard -mthumb -o "Src/main.o"
arm-none-eabi-gcc -o "002_inline_1.elf" @"objects.list"   -mcpu=cortex-m4 -T"/home/deep/Desktop/Udemy_Arm_Cortex_M3_M4/cortexmx/002_inline_1/STM32F401RETX_FLASH.ld" --specs=nosys.specs -Wl,-Map="002_inline_1.map" -Wl,--gc-sections -static --specs=nano.specs -mfpu=fpv4-sp-d16 -mfloat-abi=hard -mthumb -Wl,--start-group -lc -lm -Wl,--end-group
Finished building target: 002_inline_1.elf
 
arm-none-eabi-size  002_inline_1.elf 
arm-none-eabi-objdump -h -S 002_inline_1.elf  > "002_inline_1.list"
   text	   data	    bss	    dec	    hex	filename
    704	      0	   1568	   2272	    8e0	002_inline_1.elf
Finished building: default.size.stdout
 
Finished building: 002_inline_1.list
 
11:21:29 **** Incremental Build of configuration Debug for project 002_inline_1 ****
make -j4 all 
arm-none-eabi-size  002_inline_1.elf 
   text	   data	    bss	    dec	    hex	filename
    704	      0	   1568	   2272	    8e0	002_inline_1.elf
Finished building: default.size.stdout
 
