Archive member included to satisfy reference by file (symbol)

/opt/st/stm32cubeide_1.16.1/plugins/com.st.stm32cube.ide.mcu.externaltools.gnu-tools-for-stm32.12.3.rel1.linux64_1.0.200.202406132123/tools/bin/../lib/gcc/arm-none-eabi/12.3.1/../../../../arm-none-eabi/lib/thumb/v7e-m+fp/hard/libc_nano.a(libc_a-exit.o)
                              /opt/st/stm32cubeide_1.16.1/plugins/com.st.stm32cube.ide.mcu.externaltools.gnu-tools-for-stm32.12.3.rel1.linux64_1.0.200.202406132123/tools/bin/../lib/gcc/arm-none-eabi/12.3.1/../../../../arm-none-eabi/lib/thumb/v7e-m+fp/hard/crt0.o (exit)
/opt/st/stm32cubeide_1.16.1/plugins/com.st.stm32cube.ide.mcu.externaltools.gnu-tools-for-stm32.12.3.rel1.linux64_1.0.200.202406132123/tools/bin/../lib/gcc/arm-none-eabi/12.3.1/../../../../arm-none-eabi/lib/thumb/v7e-m+fp/hard/libc_nano.a(libc_a-findfp.o)
                              /opt/st/stm32cubeide_1.16.1/plugins/com.st.stm32cube.ide.mcu.externaltools.gnu-tools-for-stm32.12.3.rel1.linux64_1.0.200.202406132123/tools/bin/../lib/gcc/arm-none-eabi/12.3.1/../../../../arm-none-eabi/lib/thumb/v7e-m+fp/hard/libc_nano.a(libc_a-exit.o) (__stdio_exit_handler)
/opt/st/stm32cubeide_1.16.1/plugins/com.st.stm32cube.ide.mcu.externaltools.gnu-tools-for-stm32.12.3.rel1.linux64_1.0.200.202406132123/tools/bin/../lib/gcc/arm-none-eabi/12.3.1/../../../../arm-none-eabi/lib/thumb/v7e-m+fp/hard/libc_nano.a(libc_a-fwalk.o)
                              /opt/st/stm32cubeide_1.16.1/plugins/com.st.stm32cube.ide.mcu.externaltools.gnu-tools-for-stm32.12.3.rel1.linux64_1.0.200.202406132123/tools/bin/../lib/gcc/arm-none-eabi/12.3.1/../../../../arm-none-eabi/lib/thumb/v7e-m+fp/hard/libc_nano.a(libc_a-findfp.o) (_fwalk_sglue)
/opt/st/stm32cubeide_1.16.1/plugins/com.st.stm32cube.ide.mcu.externaltools.gnu-tools-for-stm32.12.3.rel1.linux64_1.0.200.202406132123/tools/bin/../lib/gcc/arm-none-eabi/12.3.1/../../../../arm-none-eabi/lib/thumb/v7e-m+fp/hard/libc_nano.a(libc_a-printf.o)
                              ./Src/main.o (printf)
/opt/st/stm32cubeide_1.16.1/plugins/com.st.stm32cube.ide.mcu.externaltools.gnu-tools-for-stm32.12.3.rel1.linux64_1.0.200.202406132123/tools/bin/../lib/gcc/arm-none-eabi/12.3.1/../../../../arm-none-eabi/lib/thumb/v7e-m+fp/hard/libc_nano.a(libc_a-puts.o)
                              ./Src/main.o (puts)
/opt/st/stm32cubeide_1.16.1/plugins/com.st.stm32cube.ide.mcu.externaltools.gnu-tools-for-stm32.12.3.rel1.linux64_1.0.200.202406132123/tools/bin/../lib/gcc/arm-none-eabi/12.3.1/../../../../arm-none-eabi/lib/thumb/v7e-m+fp/hard/libc_nano.a(libc_a-stdio.o)
                              /opt/st/stm32cubeide_1.16.1/plugins/com.st.stm32cube.ide.mcu.externaltools.gnu-tools-for-stm32.12.3.rel1.linux64_1.0.200.202406132123/tools/bin/../lib/gcc/arm-none-eabi/12.3.1/../../../../arm-none-eabi/lib/thumb/v7e-m+fp/hard/libc_nano.a(libc_a-findfp.o) (__sread)
/opt/st/stm32cubeide_1.16.1/plugins/com.st.stm32cube.ide.mcu.externaltools.gnu-tools-for-stm32.12.3.rel1.linux64_1.0.200.202406132123/tools/bin/../lib/gcc/arm-none-eabi/12.3.1/../../../../arm-none-eabi/lib/thumb/v7e-m+fp/hard/libc_nano.a(libc_a-wbuf.o)
                              /opt/st/stm32cubeide_1.16.1/plugins/com.st.stm32cube.ide.mcu.externaltools.gnu-tools-for-stm32.12.3.rel1.linux64_1.0.200.202406132123/tools/bin/../lib/gcc/arm-none-eabi/12.3.1/../../../../arm-none-eabi/lib/thumb/v7e-m+fp/hard/libc_nano.a(libc_a-puts.o) (__swbuf_r)
/opt/st/stm32cubeide_1.16.1/plugins/com.st.stm32cube.ide.mcu.externaltools.gnu-tools-for-stm32.12.3.rel1.linux64_1.0.200.202406132123/tools/bin/../lib/gcc/arm-none-eabi/12.3.1/../../../../arm-none-eabi/lib/thumb/v7e-m+fp/hard/libc_nano.a(libc_a-wsetup.o)
                              /opt/st/stm32cubeide_1.16.1/plugins/com.st.stm32cube.ide.mcu.externaltools.gnu-tools-for-stm32.12.3.rel1.linux64_1.0.200.202406132123/tools/bin/../lib/gcc/arm-none-eabi/12.3.1/../../../../arm-none-eabi/lib/thumb/v7e-m+fp/hard/libc_nano.a(libc_a-puts.o) (__swsetup_r)
/opt/st/stm32cubeide_1.16.1/plugins/com.st.stm32cube.ide.mcu.externaltools.gnu-tools-for-stm32.12.3.rel1.linux64_1.0.200.202406132123/tools/bin/../lib/gcc/arm-none-eabi/12.3.1/../../../../arm-none-eabi/lib/thumb/v7e-m+fp/hard/libc_nano.a(libc_a-memset.o)
                              /opt/st/stm32cubeide_1.16.1/plugins/com.st.stm32cube.ide.mcu.externaltools.gnu-tools-for-stm32.12.3.rel1.linux64_1.0.200.202406132123/tools/bin/../lib/gcc/arm-none-eabi/12.3.1/../../../../arm-none-eabi/lib/thumb/v7e-m+fp/hard/crt0.o (memset)
/opt/st/stm32cubeide_1.16.1/plugins/com.st.stm32cube.ide.mcu.externaltools.gnu-tools-for-stm32.12.3.rel1.linux64_1.0.200.202406132123/tools/bin/../lib/gcc/arm-none-eabi/12.3.1/../../../../arm-none-eabi/lib/thumb/v7e-m+fp/hard/libc_nano.a(libc_a-closer.o)
[...]
Memory Configuration

Name             Origin             Length             Attributes
RAM              0x20000000         0x00018000         xrw
FLASH            0x08000000         0x00080000         xr
*default*        0x00000000         0xffffffff

Linker script and memory map

LOAD /opt/st/stm32cubeide_1.16.1/plugins/com.st.stm32cube.ide.mcu.externaltools.gnu-tools-for-stm32.12.3.rel1.linux64_1.0.200.202406132123/tools/bin/../lib/gcc/arm-none-eabi/12.3.1/thumb/v7e-m+fp/hard/crti.o
LOAD /opt/st/stm32cubeide_1.16.1/plugins/com.st.stm32cube.ide.mcu.externaltools.gnu-tools-for-stm32.12.3.rel1.linux64_1.0.200.202406132123/tools/bin/../lib/gcc/arm-none-eabi/12.3.1/thumb/v7e-m+fp/hard/crtbegin.o
LOAD /opt/st/stm32cubeide_1.16.1/plugins/com.st.stm32cube.ide.mcu.externaltools.gnu-tools-for-stm32.12.3.rel1.linux64_1.0.200.202406132123/tools/bin/../lib/gcc/arm-none-eabi/12.3.1/../../../../arm-none-eabi/lib/thumb/v7e-m+fp/hard/crt0.o
LOAD ./Src/main.o
LOAD ./Src/syscalls.o
LOAD ./Src/sysmem.o
LOAD ./Startup/startup_stm32f401retx.o
START GROUP
LOAD /opt/st/stm32cubeide_1.16.1/plugins/com.st.stm32cube.ide.mcu.externaltools.gnu-tools-for-stm32.12.3.rel1.linux64_1.0.200.202406132123/tools/bin/../lib/gcc/arm-none-eabi/12.3.1/../../../../arm-none-eabi/lib/thumb/v7e-m+fp/hard/libc_nano.a
LOAD /opt/st/stm32cubeide_1.16.1/plugins/com.st.stm32cube.ide.mcu.externaltools.gnu-tools-for-stm32.12.3.rel1.linux64_1.0.200.202406132123/tools/bin/../lib/gcc/arm-none-eabi/12.3.1/../../../../arm-none-eabi/lib/thumb/v7e-m+fp/hard/libm.a
END GROUP
START GROUP
LOAD /opt/st/stm32cubeide_1.16.1/plugins/com.st.stm32cube.ide.mcu.externaltools.gnu-tools-for-stm32.12.3.rel1.linux64_1.0.200.202406132123/tools/bin/../lib/gcc/arm-none-eabi/12.3.1/thumb/v7e-m+fp/hard/libgcc.a
LOAD /opt/st/stm32cubeide_1.16.1/plugins/com.st.stm32cube.ide.mcu.externaltools.gnu-tools-for-stm32.12.3.rel1.linux64_1.0.200.202406132123/tools/bin/../lib/gcc/arm-none-eabi/12.3.1/../../../../arm-none-eabi/lib/thumb/v7e-m+fp/hard/libc_nano.a
END GROUP
START GROUP
LOAD /opt/st/stm32cubeide_1.16.1/plugins/com.st.stm32cube.ide.mcu.externaltools.gnu-tools-for-stm32.12.3.rel1.linux64_1.0.200.202406132123/tools/bin/../lib/gcc/arm-none-eabi/12.3.1/thumb/v7e-m+fp/hard/libgcc.a
LOAD /opt/st/stm32cubeide_1.16.1/plugins/com.st.stm32cube.ide.mcu.externaltools.gnu-tools-for-stm32.12.3.rel1.linux64_1.0.200.202406132123/tools/bin/../lib/gcc/arm-none-eabi/12.3.1/../../../../arm-none-eabi/lib/thumb/v7e-m+fp/hard/libc_nano.a
LOAD /opt/st/stm32cubeide_1.16.1/plugins/com.st.stm32cube.ide.mcu.externaltools.gnu-tools-for-stm32.12.3.rel1.linux64_1.0.200.202406132123/tools/bin/../lib/gcc/arm-none-eabi/12.3.1/../../../../arm-none-eabi/lib/thumb/v7e-m+fp/hard/libnosys.a
END GROUP
START GROUP
LOAD /opt/st/stm32cubeide_1.16.1/plugins/com.st.stm32cube.ide.mcu.externaltools.gnu-tools-for-stm32.12.3.rel1.linux64_1.0.200.202406132123/tools/bin/../lib/gcc/arm-none-eabi/12.3.1/thumb/v7e-m+fp/hard/libgcc.a
LOAD /opt/st/stm32cubeide_1.16.1/plugins/com.st.stm32cube.ide.mcu.externaltools.gnu-tools-for-stm32.12.3.rel1.linux64_1.0.200.202406132123/tools/bin/../lib/gcc/arm-none-eabi/12.3.1/../../../../arm-none-eabi/lib/thumb/v7e-m+fp/hard/libc_nano.a
LOAD /opt/st/stm32cubeide_1.16.1/plugins/com.st.stm32cube.ide.mcu.externaltools.gnu-tools-for-stm32.12.3.rel1.linux64_1.0.200.202406132123/tools/bin/../lib/gcc/arm-none-eabi/12.3.1/../../../../arm-none-eabi/lib/thumb/v7e-m+fp/hard/libnosys.a
END GROUP
LOAD /opt/st/stm32cubeide_1.16.1/plugins/com.st.stm32cube.ide.mcu.externaltools.gnu-tools-for-stm32.12.3.rel1.linux64_1.0.200.202406132123/tools/bin/../lib/gcc/arm-none-eabi/12.3.1/thumb/v7e-m+fp/hard/crtend.o
LOAD /opt/st/stm32cubeide_1.16.1/plugins/com.st.stm32cube.ide.mcu.externaltools.gnu-tools-for-stm32.12.3.rel1.linux64_1.0.200.202406132123/tools/bin/../lib/gcc/arm-none-eabi/12.3.1/thumb/v7e-m+fp/hard/crtn.o
                0x20018000                        _estack = (ORIGIN (RAM) + LENGTH (RAM))
                0x00000200                        _Min_Heap_Size = 0x200
                0x00000400                        _Min_Stack_Size = 0x400

.isr_vector     0x08000000      0x194
                0x08000000                        . = ALIGN (0x4)
 *(.isr_vector)
 .isr_vector    0x08000000      0x194 ./Startup/startup_stm32f401retx.o
                0x08000000                g_pfnVectors
                0x08000194                        . = ALIGN (0x4)

.text           0x080001a0     0x128c
                0x080001a0                        . = ALIGN (0x4)
 *(.text)
 .text          0x080001a0       0x40 /opt/st/stm32cubeide_1.16.1/plugins/com.st.stm32cube.ide.mcu.externaltools.gnu-tools-for-stm32.12.3.rel1.linux64_1.0.200.202406132123/tools/bin/../lib/gcc/arm-none-eabi/12.3.1/thumb/v7e-m+fp/hard/crtbegin.o
 .text          0x080001e0       0xa0 /opt/st/stm32cubeide_1.16.1/plugins/com.st.stm32cube.ide.mcu.externaltools.gnu-tools-for-stm32.12.3.rel1.linux64_1.0.200.202406132123/tools/bin/../lib/gcc/arm-none-eabi/12.3.1/../../../../arm-none-eabi/lib/thumb/v7e-m+fp/hard/libc_nano.a(libc_a-memchr.o)
                0x080001e0                memchr
 *(.text*)
 .text.main     0x08000280       0x18 ./Src/main.o
                0x08000280                main
 .text.SVC_Handler
                0x08000298        0xa ./Src/main.o
                0x08000298                SVC_Handler
 *fill*         0x080002a2        0x2 
 .text.SVC_Handler_C
                0x080002a4       0x68 ./Src/main.o
                0x080002a4                SVC_Handler_C
 .text.ITM_SendChar
                0x0800030c       0x50 ./Src/syscalls.o
                0x0800030c                ITM_SendChar
 .text._read    0x0800035c       0x3a ./Src/syscalls.o
                0x0800035c                _read
 .text._write   0x08000396       0x38 ./Src/syscalls.o
                0x08000396                _write
 .text._close   0x080003ce       0x18 ./Src/syscalls.o
                0x080003ce                _close
 .text._fstat   0x080003e6       0x20 ./Src/syscalls.o
                0x080003e6                _fstat
 .text._isatty  0x08000406       0x16 ./Src/syscalls.o
                0x08000406                _isatty
 .text._lseek   0x0800041c       0x1a ./Src/syscalls.o
                0x0800041c                _lseek
 *fill*         0x08000436        0x2 
 .text._sbrk    0x08000438       0x6c ./Src/sysmem.o
                0x08000438                _sbrk
 .text.Reset_Handler
                0x080004a4       0x50 ./Startup/startup_stm32f401retx.o
                0x080004a4                Reset_Handler
 .text.Default_Handler
                0x080004f4        0x2 ./Startup/startup_stm32f401retx.o
                0x080004f4                EXTI2_IRQHandler
                0x080004f4                DebugMon_Handler
                0x080004f4                SPI4_IRQHandler
                0x080004f4                TIM1_CC_IRQHandler
                0x080004f4                DMA2_Stream5_IRQHandler
                0x080004f4                HardFault_Handler
                0x080004f4                DMA1_Stream5_IRQHandler
                0x080004f4                SysTick_Handler
                0x080004f4                SDIO_IRQHandler
                0x080004f4                TAMP_STAMP_IRQHandler
                0x080004f4                PendSV_Handler
                0x080004f4                NMI_Handler
                0x080004f4                EXTI3_IRQHandler
                0x080004f4                TIM1_UP_TIM10_IRQHandler
                0x080004f4                I2C3_ER_IRQHandler
                0x080004f4                EXTI18_OTG_FS_WKUP_IRQHandler
                0x080004f4                EXTI0_IRQHandler
                0x080004f4                I2C2_EV_IRQHandler
                0x080004f4                DMA1_Stream2_IRQHandler
                0x080004f4                UsageFault_Handler
                0x080004f4                DMA2_Stream2_IRQHandler
                0x080004f4                SPI1_IRQHandler
                0x080004f4                TIM1_BRK_TIM9_IRQHandler
                0x080004f4                DMA2_Stream3_IRQHandler
                0x080004f4                USART6_IRQHandler
                0x080004f4                DMA2_Stream0_IRQHandler
                0x080004f4                TIM4_IRQHandler
                0x080004f4                I2C1_EV_IRQHandler
                0x080004f4                DMA1_Stream6_IRQHandler
                0x080004f4                DMA1_Stream1_IRQHandler
                0x080004f4                TIM3_IRQHandler
                0x080004f4                RCC_IRQHandler
                0x080004f4                Default_Handler
                0x080004f4                EXTI15_10_IRQHandler
                0x080004f4                ADC_IRQHandler
                0x080004f4                DMA1_Stream7_IRQHandler
                0x080004f4                TIM5_IRQHandler
                0x080004f4                DMA2_Stream7_IRQHandler
                0x080004f4                I2C3_EV_IRQHandler
                0x080004f4                EXTI9_5_IRQHandler
                0x080004f4                SPI2_IRQHandler
                0x080004f4                MemManage_Handler
                0x080004f4                DMA1_Stream0_IRQHandler
                0x080004f4                EXTI4_IRQHandler
                0x080004f4                EXTI22_RTC_WKUP_IRQHandler
                0x080004f4                TIM2_IRQHandler
                0x080004f4                EXTI16_PVD_IRQHandler
                0x080004f4                TIM1_TRG_COM_TIM11_IRQHandler
                0x080004f4                EXTI1_IRQHandler
                0x080004f4                EXTI17_RTC_Alarm_IRQHandler
                0x080004f4                USART2_IRQHandler
                0x080004f4                I2C2_ER_IRQHandler
                0x080004f4                DMA2_Stream1_IRQHandler
                0x080004f4                FLASH_IRQHandler
                0x080004f4                DMA2_Stream4_IRQHandler
                0x080004f4                BusFault_Handler
                0x080004f4                USART1_IRQHandler
                0x080004f4                OTG_FS_IRQHandler
                0x080004f4                SPI3_IRQHandler
                0x080004f4                DMA1_Stream4_IRQHandler
                0x080004f4                I2C1_ER_IRQHandler
                0x080004f4                DMA2_Stream6_IRQHandler
                0x080004f4                DMA1_Stream3_IRQHandler
 *fill*         0x080004f6        0x2 
 .text.std      0x080004f8       0x6c /opt/st/stm32cubeide_1.16.1/plugins/com.st.stm32cube.ide.mcu.externaltools.gnu-tools-for-stm32.12.3.rel1.linux64_1.0.200.202406132123/tools/bin/../lib/gcc/arm-none-eabi/12.3.1/../../../../arm-none-eabi/lib/thumb/v7e-m+fp/hard/libc_nano.a(libc_a-findfp.o)
 .text.stdio_exit_handler
                0x08000564       0x18 /opt/st/stm32cubeide_1.16.1/plugins/com.st.stm32cube.ide.mcu.externaltools.gnu-tools-for-stm32.12.3.rel1.linux64_1.0.200.202406132123/tools/bin/../lib/gcc/arm-none-eabi/12.3.1/../../../../arm-none-eabi/lib/thumb/v7e-m+fp/hard/libc_nano.a(libc_a-findfp.o)
 .text.cleanup_stdio
                0x0800057c       0x40 /opt/st/stm32cubeide_1.16.1/plugins/com.st.stm32cube.ide.mcu.externaltools.gnu-tools-for-stm32.12.3.rel1.linux64_1.0.200.202406132123/tools/bin/../lib/gcc/arm-none-eabi/12.3.1/../../../../arm-none-eabi/lib/thumb/v7e-m+fp/hard/libc_nano.a(libc_a-findfp.o)
 .text.global_stdio_init.part.0
                0x080005bc       0x3c /opt/st/stm32cubeide_1.16.1/plugins/com.st.stm32cube.ide.mcu.externaltools.gnu-tools-for-stm32.12.3.rel1.linux64_1.0.200.202406132123/tools/bin/../lib/gcc/arm-none-eabi/12.3.1/../../../../arm-none-eabi/lib/thumb/v7e-m+fp/hard/libc_nano.a(libc_a-findfp.o)
 .text.__sfp_lock_acquire
                0x080005f8        0xc /opt/st/stm32cubeide_1.16.1/plugins/com.st.stm32cube.ide.mcu.externaltools.gnu-tools-for-stm32.12.3.rel1.linux64_1.0.200.202406132123/tools/bin/../lib/gcc/arm-none-eabi/12.3.1/../../../../arm-none-eabi/lib/thumb/v7e-m+fp/hard/libc_nano.a(libc_a-findfp.o)
                0x080005f8                __sfp_lock_acquire
 .text.__sfp_lock_release
                0x08000604        0xc /opt/st/stm32cubeide_1.16.1/plugins/com.st.stm32cube.ide.mcu.externaltools.gnu-tools-for-stm32.12.3.rel1.linux64_1.0.200.202406132123/tools/bin/../lib/gcc/arm-none-eabi/12.3.1/../../../../arm-none-eabi/lib/thumb/v7e-m+fp/hard/libc_nano.a(libc_a-findfp.o)
                0x08000604                __sfp_lock_release
 .text.__sinit  0x08000610       0x30 /opt/st/stm32cubeide_1.16.1/plugins/com.st.stm32cube.ide.mcu.externaltools.gnu-tools-for-stm32.12.3.rel1.linux64_1.0.200.202406132123/tools/bin/../lib/gcc/arm-none-eabi/12.3.1/../../../../arm-none-eabi/lib/thumb/v7e-m+fp/hard/libc_nano.a(libc_a-findfp.o)
                0x08000610                __sinit
 .text._fwalk_sglue
                0x08000640       0x3c /opt/st/stm32cubeide_1.16.1/plugins/com.st.stm32cube.ide.mcu.externaltools.gnu-tools-for-stm32.12.3.rel1.linux64_1.0.200.202406132123/tools/bin/../lib/gcc/arm-none-eabi/12.3.1/../../../../arm-none-eabi/lib/thumb/v7e-m+fp/hard/libc_nano.a(libc_a-fwalk.o)
                0x08000640                _fwalk_sglue
 .text.printf   0x0800067c       0x24 /opt/st/stm32cubeide_1.16.1/plugins/com.st.stm32cube.ide.mcu.externaltools.gnu-tools-for-stm32.12.3.rel1.linux64_1.0.200.202406132123/tools/bin/../lib/gcc/arm-none-eabi/12.3.1/../../../../arm-none-eabi/lib/thumb/v7e-m+fp/hard/libc_nano.a(libc_a-printf.o)
                0x0800067c                printf
                0x0800067c                iprintf
 .text._puts_r  0x080006a0       0xaa /opt/st/stm32cubeide_1.16.1/plugins/com.st.stm32cube.ide.mcu.externaltools.gnu-tools-for-stm32.12.3.rel1.linux64_1.0.200.202406132123/tools/bin/../lib/gcc/arm-none-eabi/12.3.1/../../../../arm-none-eabi/lib/thumb/v7e-m+fp/hard/libc_nano.a(libc_a-puts.o)
                0x080006a0                _puts_r
 *fill*         0x0800074a        0x2 
 .text.puts     0x0800074c       0x10 /opt/st/stm32cubeide_1.16.1/plugins/com.st.stm32cube.ide.mcu.externaltools.gnu-tools-for-stm32.12.3.rel1.linux64_1.0.200.202406132123/tools/bin/../lib/gcc/arm-none-eabi/12.3.1/../../../../arm-none-eabi/lib/thumb/v7e-m+fp/hard/libc_nano.a(libc_a-puts.o)
                0x0800074c                puts
 .text.__sread  0x0800075c       0x22 /opt/st/stm32cubeide_1.16.1/plugins/com.st.stm32cube.ide.mcu.externaltools.gnu-tools-for-stm32.12.3.rel1.linux64_1.0.200.202406132123/tools/bin/../lib/gcc/arm-none-eabi/12.3.1/../../../../arm-none-eabi/lib/thumb/v7e-m+fp/hard/libc_nano.a(libc_a-stdio.o)
                0x0800075c                __sread
 .text.__swrite
                0x0800077e       0x38 /opt/st/stm32cubeide_1.16.1/plugins/com.st.stm32cube.ide.mcu.externaltools.gnu-tools-for-stm32.12.3.rel1.linux64_1.0.200.202406132123/tools/bin/../lib/gcc/arm-none-eabi/12.3.1/../../../../arm-none-eabi/lib/thumb/v7e-m+fp/hard/libc_nano.a(libc_a-stdio.o)
                0x0800077e                __swrite
 .text.__sseek  0x080007b6       0x24 /opt/st/stm32cubeide_1.16.1/plugins/com.st.stm32cube.ide.mcu.externaltools.gnu-tools-for-stm32.12.3.rel1.linux64_1.0.200.202406132123/tools/bin/../lib/gcc/arm-none-eabi/12.3.1/../../../../arm-none-eabi/lib/thumb/v7e-m+fp/hard/libc_nano.a(libc_a-stdio.o)
                0x080007b6                __sseek
 .text.__sclose
                0x080007da        0x8 /opt/st/stm32cubeide_1.16.1/plugins/com.st.stm32cube.ide.mcu.externaltools.gnu-tools-for-stm32.12.3.rel1.linux64_1.0.200.202406132123/tools/bin/../lib/gcc/arm-none-eabi/12.3.1/../../../../arm-none-eabi/lib/thumb/v7e-m+fp/hard/libc_nano.a(libc_a-stdio.o)
                0x080007da                __sclose
 .text.__swbuf_r
                0x080007e2       0x7c /opt/st/stm32cubeide_1.16.1/plugins/com.st.stm32cube.ide.mcu.externaltools.gnu-tools-for-stm32.12.3.rel1.linux64_1.0.200.202406132123/tools/bin/../lib/gcc/arm-none-eabi/12.3.1/../../../../arm-none-eabi/lib/thumb/v7e-m+fp/hard/libc_nano.a(libc_a-wbuf.o)
                0x080007e2                __swbuf_r
 *fill*         0x0800085e        0x2 
 .text.__swsetup_r
                0x08000860       0xac /opt/st/stm32cubeide_1.16.1/plugins/com.st.stm32cube.ide.mcu.externaltools.gnu-tools-for-stm32.12.3.rel1.linux64_1.0.200.202406132123/tools/bin/../lib/gcc/arm-none-eabi/12.3.1/../../../../arm-none-eabi/lib/thumb/v7e-m+fp/hard/libc_nano.a(libc_a-wsetup.o)
                0x08000860                __swsetup_r
 .text.memset   0x0800090c       0x10 /opt/st/stm32cubeide_1.16.1/plugins/com.st.stm32cube.ide.mcu.externaltools.gnu-tools-for-stm32.12.3.rel1.linux64_1.0.200.202406132123/tools/bin/../lib/gcc/arm-none-eabi/12.3.1/../../../../arm-none-eabi/lib/thumb/v7e-m+fp/hard/libc_nano.a(libc_a-memset.o)
                0x0800090c                memset
 .text._close_r
                0x0800091c       0x20 /opt/st/stm32cubeide_1.16.1/plugins/com.st.stm32cube.ide.mcu.externaltools.gnu-tools-for-stm32.12.3.rel1.linux64_1.0.200.202406132123/tools/bin/../lib/gcc/arm-none-eabi/12.3.1/../../../../arm-none-eabi/lib/thumb/v7e-m+fp/hard/libc_nano.a(libc_a-closer.o)
                0x0800091c                _close_r
 .text._lseek_r
                0x0800093c       0x24 /opt/st/stm32cubeide_1.16.1/plugins/com.st.stm32cube.ide.mcu.externaltools.gnu-tools-for-stm32.12.3.rel1.linux64_1.0.200.202406132123/tools/bin/../lib/gcc/arm-none-eabi/12.3.1/../../../../arm-none-eabi/lib/thumb/v7e-m+fp/hard/libc_nano.a(libc_a-lseekr.o)
                0x0800093c                _lseek_r
 .text._read_r  0x08000960       0x24 /opt/st/stm32cubeide_1.16.1/plugins/com.st.stm32cube.ide.mcu.externaltools.gnu-tools-for-stm32.12.3.rel1.linux64_1.0.200.202406132123/tools/bin/../lib/gcc/arm-none-eabi/12.3.1/../../../../arm-none-eabi/lib/thumb/v7e-m+fp/hard/libc_nano.a(libc_a-readr.o)
                0x08000960                _read_r
 .text._write_r
                0x08000984       0x24 /opt/st/stm32cubeide_1.16.1/plugins/com.st.stm32cube.ide.mcu.externaltools.gnu-tools-for-stm32.12.3.rel1.linux64_1.0.200.202406132123/tools/bin/../lib/gcc/arm-none-eabi/12.3.1/../../../../arm-none-eabi/lib/thumb/v7e-m+fp/hard/libc_nano.a(libc_a-writer.o)
                0x08000984                _write_r
 .text.__errno  0x080009a8        0xc /opt/st/stm32cubeide_1.16.1/plugins/com.st.stm32cube.ide.mcu.externaltools.gnu-tools-for-stm32.12.3.rel1.linux64_1.0.200.202406132123/tools/bin/../lib/gcc/arm-none-eabi/12.3.1/../../../../arm-none-eabi/lib/thumb/v7e-m+fp/hard/libc_nano.a(libc_a-errno.o)
                0x080009a8                __errno
 .text.__libc_init_array
                0x080009b4       0x48 /opt/st/stm32cubeide_1.16.1/plugins/com.st.stm32cube.ide.mcu.externaltools.gnu-tools-for-stm32.12.3.rel1.linux64_1.0.200.202406132123/tools/bin/../lib/gcc/arm-none-eabi/12.3.1/../../../../arm-none-eabi/lib/thumb/v7e-m+fp/hard/libc_nano.a(libc_a-init.o)
                0x080009b4                __libc_init_array
 .text.__retarget_lock_init_recursive
                0x080009fc        0x2 /opt/st/stm32cubeide_1.16.1/plugins/com.st.stm32cube.ide.mcu.externaltools.gnu-tools-for-stm32.12.3.rel1.linux64_1.0.200.202406132123/tools/bin/../lib/gcc/arm-none-eabi/12.3.1/../../../../arm-none-eabi/lib/thumb/v7e-m+fp/hard/libc_nano.a(libc_a-lock.o)
                0x080009fc                __retarget_lock_init_recursive
 .text.__retarget_lock_acquire_recursive
                0x080009fe        0x2 /opt/st/stm32cubeide_1.16.1/plugins/com.st.stm32cube.ide.mcu.externaltools.gnu-tools-for-stm32.12.3.rel1.linux64_1.0.200.202406132123/tools/bin/../lib/gcc/arm-none-eabi/12.3.1/../../../../arm-none-eabi/lib/thumb/v7e-m+fp/hard/libc_nano.a(libc_a-lock.o)
                0x080009fe                __retarget_lock_acquire_recursive
 .text.__retarget_lock_release_recursive
                0x08000a00        0x2 /opt/st/stm32cubeide_1.16.1/plugins/com.st.stm32cube.ide.mcu.externaltools.gnu-tools-for-stm32.12.3.rel1.linux64_1.0.200.202406132123/tools/bin/../lib/gcc/arm-none-eabi/12.3.1/../../../../arm-none-eabi/lib/thumb/v7e-m+fp/hard/libc_nano.a(libc_a-lock.o)
                0x08000a00                __retarget_lock_release_recursive
 *fill*         0x08000a02        0x2 
 .text._free_r  0x08000a04       0x94 /opt/st/stm32cubeide_1.16.1/plugins/com.st.stm32cube.ide.mcu.externaltools.gnu-tools-for-stm32.12.3.rel1.linux64_1.0.200.202406132123/tools/bin/../lib/gcc/arm-none-eabi/12.3.1/../../../../arm-none-eabi/lib/thumb/v7e-m+fp/hard/libc_nano.a(libc_a-freer.o)
                0x08000a04                _free_r
 .text.sbrk_aligned
                0x08000a98       0x44 /opt/st/stm32cubeide_1.16.1/plugins/com.st.stm32cube.ide.mcu.externaltools.gnu-tools-for-stm32.12.3.rel1.linux64_1.0.200.202406132123/tools/bin/../lib/gcc/arm-none-eabi/12.3.1/../../../../arm-none-eabi/lib/thumb/v7e-m+fp/hard/libc_nano.a(libc_a-mallocr.o)
 .text._malloc_r
                0x08000adc      0x100 /opt/st/stm32cubeide_1.16.1/plugins/com.st.stm32cube.ide.mcu.externaltools.gnu-tools-for-stm32.12.3.rel1.linux64_1.0.200.202406132123/tools/bin/../lib/gcc/arm-none-eabi/12.3.1/../../../../arm-none-eabi/lib/thumb/v7e-m+fp/hard/libc_nano.a(libc_a-mallocr.o)
                0x08000adc                _malloc_r
 .text.__malloc_lock
                0x08000bdc        0xc /opt/st/stm32cubeide_1.16.1/plugins/com.st.stm32cube.ide.mcu.externaltools.gnu-tools-for-stm32.12.3.rel1.linux64_1.0.200.202406132123/tools/bin/../lib/gcc/arm-none-eabi/12.3.1/../../../../arm-none-eabi/lib/thumb/v7e-m+fp/hard/libc_nano.a(libc_a-mlock.o)
                0x08000bdc                __malloc_lock
 .text.__malloc_unlock
                0x08000be8        0xc /opt/st/stm32cubeide_1.16.1/plugins/com.st.stm32cube.ide.mcu.externaltools.gnu-tools-for-stm32.12.3.rel1.linux64_1.0.200.202406132123/tools/bin/../lib/gcc/arm-none-eabi/12.3.1/../../../../arm-none-eabi/lib/thumb/v7e-m+fp/hard/libc_nano.a(libc_a-mlock.o)
                0x08000be8                __malloc_unlock
 .text.__sfputc_r
                0x08000bf4       0x2e /opt/st/stm32cubeide_1.16.1/plugins/com.st.stm32cube.ide.mcu.externaltools.gnu-tools-for-stm32.12.3.rel1.linux64_1.0.200.202406132123/tools/bin/../lib/gcc/arm-none-eabi/12.3.1/../../../../arm-none-eabi/lib/thumb/v7e-m+fp/hard/libc_nano.a(libc_a-nano-vfprintf.o)
 .text.__sfputs_r
                0x08000c22       0x24 /opt/st/stm32cubeide_1.16.1/plugins/com.st.stm32cube.ide.mcu.externaltools.gnu-tools-for-stm32.12.3.rel1.linux64_1.0.200.202406132123/tools/bin/../lib/gcc/arm-none-eabi/12.3.1/../../../../arm-none-eabi/lib/thumb/v7e-m+fp/hard/libc_nano.a(libc_a-nano-vfprintf.o)
                0x08000c22                __sfputs_r
 *fill*         0x08000c46        0x2 
 .text._vfprintf_r
                0x08000c48      0x230 /opt/st/stm32cubeide_1.16.1/plugins/com.st.stm32cube.ide.mcu.externaltools.gnu-tools-for-stm32.12.3.rel1.linux64_1.0.200.202406132123/tools/bin/../lib/gcc/arm-none-eabi/12.3.1/../../../../arm-none-eabi/lib/thumb/v7e-m+fp/hard/libc_nano.a(libc_a-nano-vfprintf.o)
                0x08000c48                _vfiprintf_r
                0x08000c48                _vfprintf_r
 .text._printf_common
                0x08000e78       0xda /opt/st/stm32cubeide_1.16.1/plugins/com.st.stm32cube.ide.mcu.externaltools.gnu-tools-for-stm32.12.3.rel1.linux64_1.0.200.202406132123/tools/bin/../lib/gcc/arm-none-eabi/12.3.1/../../../../arm-none-eabi/lib/thumb/v7e-m+fp/hard/libc_nano.a(libc_a-nano-vfprintf_i.o)
                0x08000e78                _printf_common
 *fill*         0x08000f52        0x2 
 .text._printf_i
                0x08000f54      0x240 /opt/st/stm32cubeide_1.16.1/plugins/com.st.stm32cube.ide.mcu.externaltools.gnu-tools-for-stm32.12.3.rel1.linux64_1.0.200.202406132123/tools/bin/../lib/gcc/arm-none-eabi/12.3.1/../../../../arm-none-eabi/lib/thumb/v7e-m+fp/hard/libc_nano.a(libc_a-nano-vfprintf_i.o)
                0x08000f54                _printf_i
 .text.__sflush_r
                0x08001194      0x108 /opt/st/stm32cubeide_1.16.1/plugins/com.st.stm32cube.ide.mcu.externaltools.gnu-tools-for-stm32.12.3.rel1.linux64_1.0.200.202406132123/tools/bin/../lib/gcc/arm-none-eabi/12.3.1/../../../../arm-none-eabi/lib/thumb/v7e-m+fp/hard/libc_nano.a(libc_a-fflush.o)
                0x08001194                __sflush_r
 .text._fflush_r
                0x0800129c       0x50 /opt/st/stm32cubeide_1.16.1/plugins/com.st.stm32cube.ide.mcu.externaltools.gnu-tools-for-stm32.12.3.rel1.linux64_1.0.200.202406132123/tools/bin/../lib/gcc/arm-none-eabi/12.3.1/../../../../arm-none-eabi/lib/thumb/v7e-m+fp/hard/libc_nano.a(libc_a-fflush.o)
                0x0800129c                _fflush_r
 .text.__swhatbuf_r
                0x080012ec       0x4c /opt/st/stm32cubeide_1.16.1/plugins/com.st.stm32cube.ide.mcu.externaltools.gnu-tools-for-stm32.12.3.rel1.linux64_1.0.200.202406132123/tools/bin/../lib/gcc/arm-none-eabi/12.3.1/../../../../arm-none-eabi/lib/thumb/v7e-m+fp/hard/libc_nano.a(libc_a-makebuf.o)
                0x080012ec                __swhatbuf_r
 .text.__smakebuf_r
                0x08001338       0x78 /opt/st/stm32cubeide_1.16.1/plugins/com.st.stm32cube.ide.mcu.externaltools.gnu-tools-for-stm32.12.3.rel1.linux64_1.0.200.202406132123/tools/bin/../lib/gcc/arm-none-eabi/12.3.1/../../../../arm-none-eabi/lib/thumb/v7e-m+fp/hard/libc_nano.a(libc_a-makebuf.o)
                0x08001338                __smakebuf_r
 .text._fstat_r
                0x080013b0       0x24 /opt/st/stm32cubeide_1.16.1/plugins/com.st.stm32cube.ide.mcu.externaltools.gnu-tools-for-stm32.12.3.rel1.linux64_1.0.200.202406132123/tools/bin/../lib/gcc/arm-none-eabi/12.3.1/../../../../arm-none-eabi/lib/thumb/v7e-m+fp/hard/libc_nano.a(libc_a-fstatr.o)
                0x080013b0                _fstat_r
 .text._isatty_r
                0x080013d4       0x20 /opt/st/stm32cubeide_1.16.1/plugins/com.st.stm32cube.ide.mcu.externaltools.gnu-tools-for-stm32.12.3.rel1.linux64_1.0.200.202406132123/tools/bin/../lib/gcc/arm-none-eabi/12.3.1/../../../../arm-none-eabi/lib/thumb/v7e-m+fp/hard/libc_nano.a(libc_a-isattyr.o)
                0x080013d4                _isatty_r
 .text._sbrk_r  0x080013f4       0x20 /opt/st/stm32cubeide_1.16.1/plugins/com.st.stm32cube.ide.mcu.externaltools.gnu-tools-for-stm32.12.3.rel1.linux64_1.0.200.202406132123/tools/bin/../lib/gcc/arm-none-eabi/12.3.1/../../../../arm-none-eabi/lib/thumb/v7e-m+fp/hard/libc_nano.a(libc_a-sbrkr.o)
                0x080013f4                _sbrk_r
 *(.glue_7)
 .glue_7        0x08001414        0x0 linker stubs
 *(.glue_7t)
 .glue_7t       0x08001414        0x0 linker stubs
 *(.eh_frame)
 .eh_frame      0x08001414        0x0 /opt/st/stm32cubeide_1.16.1/plugins/com.st.stm32cube.ide.mcu.externaltools.gnu-tools-for-stm32.12.3.rel1.linux64_1.0.200.202406132123/tools/bin/../lib/gcc/arm-none-eabi/12.3.1/thumb/v7e-m+fp/hard/crtbegin.o
 *(.init)
 .init          0x08001414        0x4 /opt/st/stm32cubeide_1.16.1/plugins/com.st.stm32cube.ide.mcu.externaltools.gnu-tools-for-stm32.12.3.rel1.linux64_1.0.200.202406132123/tools/bin/../lib/gcc/arm-none-eabi/12.3.1/thumb/v7e-m+fp/hard/crti.o
                0x08001414                _init
 .init          0x08001418        0x8 /opt/st/stm32cubeide_1.16.1/plugins/com.st.stm32cube.ide.mcu.externaltools.gnu-tools-for-stm32.12.3.rel1.linux64_1.0.200.202406132123/tools/bin/../lib/gcc/arm-none-eabi/12.3.1/thumb/v7e-m+fp/hard/crtn.o
 *(.fini)
 .fini          0x08001420        0x4 /opt/st/stm32cubeide_1.16.1/plugins/com.st.stm32cube.ide.mcu.externaltools.gnu-tools-for-stm32.12.3.rel1.linux64_1.0.200.202406132123/tools/bin/../lib/gcc/arm-none-eabi/12.3.1/thumb/v7e-m+fp/hard/crti.o
                0x08001420                _fini
 .fini          0x08001424        0x8 /opt/st/stm32cubeide_1.16.1/plugins/com.st.stm32cube.ide.mcu.externaltools.gnu-tools-for-stm32.12.3.rel1.linux64_1.0.200.202406132123/tools/bin/../lib/gcc/arm-none-eabi/12.3.1/thumb/v7e-m+fp/hard/crtn.o
                0x0800142c                        . = ALIGN (0x4)
                0x0800142c                        _etext = .

.vfp11_veneer   0x0800142c        0x0
 .vfp11_veneer  0x0800142c        0x0 linker stubs

.v4_bx          0x0800142c        0x0
 .v4_bx         0x0800142c        0x0 linker stubs

.iplt           0x0800142c        0x0
 .iplt          0x0800142c        0x0 /opt/st/stm32cubeide_1.16.1/plugins/com.st.stm32cube.ide.mcu.externaltools.gnu-tools-for-stm32.12.3.rel1.linux64_1.0.200.202406132123/tools/bin/../lib/gcc/arm-none-eabi/12.3.1/thumb/v7e-m+fp/hard/crtbegin.o

.rodata         0x0800142c       0x88
                0x0800142c                        . = ALIGN (0x4)
 *(.rodata)
 .rodata        0x0800142c       0x55 ./Src/main.o
 *(.rodata*)
 .rodata._vfprintf_r.str1.1
                0x08001481       0x11 /opt/st/stm32cubeide_1.16.1/plugins/com.st.stm32cube.ide.mcu.externaltools.gnu-tools-for-stm32.12.3.rel1.linux64_1.0.200.202406132123/tools/bin/../lib/gcc/arm-none-eabi/12.3.1/../../../../arm-none-eabi/lib/thumb/v7e-m+fp/hard/libc_nano.a(libc_a-nano-vfprintf.o)
 .rodata._printf_i.str1.1
                0x08001492       0x22 /opt/st/stm32cubeide_1.16.1/plugins/com.st.stm32cube.ide.mcu.externaltools.gnu-tools-for-stm32.12.3.rel1.linux64_1.0.200.202406132123/tools/bin/../lib/gcc/arm-none-eabi/12.3.1/../../../../arm-none-eabi/lib/thumb/v7e-m+fp/hard/libc_nano.a(libc_a-nano-vfprintf_i.o)
                0x080014b4                        . = ALIGN (0x4)

.ARM.extab      0x080014b4        0x0
                0x080014b4                        . = ALIGN (0x4)
 *(.ARM.extab* .gnu.linkonce.armextab.*)
                0x080014b4                        . = ALIGN (0x4)

.ARM            0x080014b4        0x8
                0x080014b4                        . = ALIGN (0x4)
                0x080014b4                        __exidx_start = .
 *(.ARM.exidx*)
 .ARM.exidx     0x080014b4        0x8 /opt/st/stm32cubeide_1.16.1/plugins/com.st.stm32cube.ide.mcu.externaltools.gnu-tools-for-stm32.12.3.rel1.linux64_1.0.200.202406132123/tools/bin/../lib/gcc/arm-none-eabi/12.3.1/../../../../arm-none-eabi/lib/thumb/v7e-m+fp/hard/libc_nano.a(libc_a-memchr.o)
                0x080014bc                        __exidx_end = .
                0x080014bc                        . = ALIGN (0x4)

.preinit_array  0x080014bc        0x0
                0x080014bc                        . = ALIGN (0x4)
                0x080014bc                        PROVIDE (__preinit_array_start = .)
 *(.preinit_array*)
                0x080014bc                        PROVIDE (__preinit_array_end = .)
                0x080014bc                        . = ALIGN (0x4)

.init_array     0x080014bc        0x4
                0x080014bc                        . = ALIGN (0x4)
                0x080014bc                        PROVIDE (__init_array_start = .)
 *(SORT_BY_NAME(.init_array.*))
 *(.init_array*)
 .init_array    0x080014bc        0x4 /opt/st/stm32cubeide_1.16.1/plugins/com.st.stm32cube.ide.mcu.externaltools.gnu-tools-for-stm32.12.3.rel1.linux64_1.0.200.202406132123/tools/bin/../lib/gcc/arm-none-eabi/12.3.1/thumb/v7e-m+fp/hard/crtbegin.o
                0x080014c0                        PROVIDE (__init_array_end = .)
                0x080014c0                        . = ALIGN (0x4)

.fini_array     0x080014c0        0x4
                0x080014c0                        . = ALIGN (0x4)
                [!provide]                        PROVIDE (__fini_array_start = .)
 *(SORT_BY_NAME(.fini_array.*))
 *(.fini_array*)
 .fini_array    0x080014c0        0x4 /opt/st/stm32cubeide_1.16.1/plugins/com.st.stm32cube.ide.mcu.externaltools.gnu-tools-for-stm32.12.3.rel1.linux64_1.0.200.202406132123/tools/bin/../lib/gcc/arm-none-eabi/12.3.1/thumb/v7e-m+fp/hard/crtbegin.o
                [!provide]                        PROVIDE (__fini_array_end = .)
                0x080014c4                        . = ALIGN (0x4)
                0x080014c4                        _sidata = LOADADDR (.data)

.rel.dyn        0x080014c4        0x0
 .rel.iplt      0x080014c4        0x0 /opt/st/stm32cubeide_1.16.1/plugins/com.st.stm32cube.ide.mcu.externaltools.gnu-tools-for-stm32.12.3.rel1.linux64_1.0.200.202406132123/tools/bin/../lib/gcc/arm-none-eabi/12.3.1/thumb/v7e-m+fp/hard/crtbegin.o

.data           0x20000000       0x5c load address 0x080014c4
                0x20000000                        . = ALIGN (0x4)
                0x20000000                        _sdata = .
 *(.data)
 *(.data*)
 .data.__sglue  0x20000000        0xc /opt/st/stm32cubeide_1.16.1/plugins/com.st.stm32cube.ide.mcu.externaltools.gnu-tools-for-stm32.12.3.rel1.linux64_1.0.200.202406132123/tools/bin/../lib/gcc/arm-none-eabi/12.3.1/../../../../arm-none-eabi/lib/thumb/v7e-m+fp/hard/libc_nano.a(libc_a-findfp.o)
                0x20000000                __sglue
 .data._impure_ptr
                0x2000000c        0x4 /opt/st/stm32cubeide_1.16.1/plugins/com.st.stm32cube.ide.mcu.externaltools.gnu-tools-for-stm32.12.3.rel1.linux64_1.0.200.202406132123/tools/bin/../lib/gcc/arm-none-eabi/12.3.1/../../../../arm-none-eabi/lib/thumb/v7e-m+fp/hard/libc_nano.a(libc_a-impure.o)
                0x2000000c                _impure_ptr
 .data._impure_data
                0x20000010       0x4c /opt/st/stm32cubeide_1.16.1/plugins/com.st.stm32cube.ide.mcu.externaltools.gnu-tools-for-stm32.12.3.rel1.linux64_1.0.200.202406132123/tools/bin/../lib/gcc/arm-none-eabi/12.3.1/../../../../arm-none-eabi/lib/thumb/v7e-m+fp/hard/libc_nano.a(libc_a-impure.o)
                0x20000010                _impure_data
 *(.RamFunc)
 *(.RamFunc*)
                0x2000005c                        . = ALIGN (0x4)
                0x2000005c                        _edata = .

.igot.plt       0x2000005c        0x0 load address 0x08001520
 .igot.plt      0x2000005c        0x0 /opt/st/stm32cubeide_1.16.1/plugins/com.st.stm32cube.ide.mcu.externaltools.gnu-tools-for-stm32.12.3.rel1.linux64_1.0.200.202406132123/tools/bin/../lib/gcc/arm-none-eabi/12.3.1/thumb/v7e-m+fp/hard/crtbegin.o
                0x2000005c                        . = ALIGN (0x4)

.bss            0x2000005c      0x16c load address 0x08001520
                0x2000005c                        _sbss = .
                0x2000005c                        __bss_start__ = _sbss
 *(.bss)
 .bss           0x2000005c       0x1c /opt/st/stm32cubeide_1.16.1/plugins/com.st.stm32cube.ide.mcu.externaltools.gnu-tools-for-stm32.12.3.rel1.linux64_1.0.200.202406132123/tools/bin/../lib/gcc/arm-none-eabi/12.3.1/thumb/v7e-m+fp/hard/crtbegin.o
 *(.bss*)
 .bss.__sbrk_heap_end
                0x20000078        0x4 ./Src/sysmem.o
 .bss.__sf      0x2000007c      0x138 /opt/st/stm32cubeide_1.16.1/plugins/com.st.stm32cube.ide.mcu.externaltools.gnu-tools-for-stm32.12.3.rel1.linux64_1.0.200.202406132123/tools/bin/../lib/gcc/arm-none-eabi/12.3.1/../../../../arm-none-eabi/lib/thumb/v7e-m+fp/hard/libc_nano.a(libc_a-findfp.o)
                0x2000007c                __sf
 .bss.__stdio_exit_handler
                0x200001b4        0x4 /opt/st/stm32cubeide_1.16.1/plugins/com.st.stm32cube.ide.mcu.externaltools.gnu-tools-for-stm32.12.3.rel1.linux64_1.0.200.202406132123/tools/bin/../lib/gcc/arm-none-eabi/12.3.1/../../../../arm-none-eabi/lib/thumb/v7e-m+fp/hard/libc_nano.a(libc_a-findfp.o)
                0x200001b4                __stdio_exit_handler
 .bss.errno     0x200001b8        0x4 /opt/st/stm32cubeide_1.16.1/plugins/com.st.stm32cube.ide.mcu.externaltools.gnu-tools-for-stm32.12.3.rel1.linux64_1.0.200.202406132123/tools/bin/../lib/gcc/arm-none-eabi/12.3.1/../../../../arm-none-eabi/lib/thumb/v7e-m+fp/hard/libc_nano.a(libc_a-reent.o)
                0x200001b8                errno
 .bss.__lock___malloc_recursive_mutex
                0x200001bc        0x1 /opt/st/stm32cubeide_1.16.1/plugins/com.st.stm32cube.ide.mcu.externaltools.gnu-tools-for-stm32.12.3.rel1.linux64_1.0.200.202406132123/tools/bin/../lib/gcc/arm-none-eabi/12.3.1/../../../../arm-none-eabi/lib/thumb/v7e-m+fp/hard/libc_nano.a(libc_a-lock.o)
                0x200001bc                __lock___malloc_recursive_mutex
 .bss.__lock___sfp_recursive_mutex
                0x200001bd        0x1 /opt/st/stm32cubeide_1.16.1/plugins/com.st.stm32cube.ide.mcu.externaltools.gnu-tools-for-stm32.12.3.rel1.linux64_1.0.200.202406132123/tools/bin/../lib/gcc/arm-none-eabi/12.3.1/../../../../arm-none-eabi/lib/thumb/v7e-m+fp/hard/libc_nano.a(libc_a-lock.o)
                0x200001bd                __lock___sfp_recursive_mutex
 *fill*         0x200001be        0x2 
 .bss.__malloc_sbrk_start
                0x200001c0        0x4 /opt/st/stm32cubeide_1.16.1/plugins/com.st.stm32cube.ide.mcu.externaltools.gnu-tools-for-stm32.12.3.rel1.linux64_1.0.200.202406132123/tools/bin/../lib/gcc/arm-none-eabi/12.3.1/../../../../arm-none-eabi/lib/thumb/v7e-m+fp/hard/libc_nano.a(libc_a-mallocr.o)
                0x200001c0                __malloc_sbrk_start
 .bss.__malloc_free_list
                0x200001c4        0x4 /opt/st/stm32cubeide_1.16.1/plugins/com.st.stm32cube.ide.mcu.externaltools.gnu-tools-for-stm32.12.3.rel1.linux64_1.0.200.202406132123/tools/bin/../lib/gcc/arm-none-eabi/12.3.1/../../../../arm-none-eabi/lib/thumb/v7e-m+fp/hard/libc_nano.a(libc_a-mallocr.o)
                0x200001c4                __malloc_free_list
 *(COMMON)
                0x200001c8                        . = ALIGN (0x4)
                0x200001c8                        _ebss = .
                0x200001c8                        __bss_end__ = _ebss

._user_heap_stack
                0x200001c8      0x600 load address 0x08001520
                0x200001c8                        . = ALIGN (0x8)
                [!provide]                        PROVIDE (end = .)
                0x200001c8                        PROVIDE (_end = .)
                0x200003c8                        . = (. + _Min_Heap_Size)
 *fill*         0x200001c8      0x200 
                0x200007c8                        . = (. + _Min_Stack_Size)
 *fill*         0x200003c8      0x400 
                0x200007c8                        . = ALIGN (0x8)

/DISCARD/
 libc.a(*)
 libm.a(*)
 libgcc.a(*)

.ARM.attributes
                0x00000000       0x30
 *(.ARM.attributes)
 .ARM.attributes
                0x00000000       0x22 /opt/st/stm32cubeide_1.16.1/plugins/com.st.stm32cube.ide.mcu.externaltools.gnu-tools-for-stm32.12.3.rel1.linux64_1.0.200.202406132123/tools/bin/../lib/gcc/arm-none-eabi/12.3.1/thumb/v7e-m+fp/hard/crti.o
 .ARM.attributes
                0x00000022       0x34 /opt/st/stm32cubeide_1.16.1/plugins/com.st.stm32cube.ide.mcu.externaltools.gnu-tools-for-stm32.12.3.rel1.linux64_1.0.200.202406132123/tools/bin/../lib/gcc/arm-none-eabi/12.3.1/thumb/v7e-m+fp/hard/crtbegin.o
 .ARM.attributes
                0x00000056       0x34 ./Src/main.o
 .ARM.attributes
                0x0000008a       0x34 ./Src/syscalls.o
 .ARM.attributes
                0x000000be       0x34 ./Src/sysmem.o
 .ARM.attributes
                0x000000f2       0x21 ./Startup/startup_stm32f401retx.o
 .ARM.attributes
                0x00000113       0x34 /opt/st/stm32cubeide_1.16.1/plugins/com.st.stm32cube.ide.mcu.externaltools.gnu-tools-for-stm32.12.3.rel1.linux64_1.0.200.202406132123/tools/bin/../lib/gcc/arm-none-eabi/12.3.1/../../../../arm-none-eabi/lib/thumb/v7e-m+fp/hard/libc_nano.a(libc_a-findfp.o)
 .ARM.attributes
                0x00000147       0x34 /opt/st/stm32cubeide_1.16.1/plugins/com.st.stm32cube.ide.mcu.externaltools.gnu-tools-for-stm32.12.3.rel1.linux64_1.0.200.202406132123/tools/bin/../lib/gcc/arm-none-eabi/12.3.1/../../../../arm-none-eabi/lib/thumb/v7e-m+fp/hard/libc_nano.a(libc_a-fwalk.o)
 .ARM.attributes
                0x0000017b       0x34 /opt/st/stm32cubeide_1.16.1/plugins/com.st.stm32cube.ide.mcu.externaltools.gnu-tools-for-stm32.12.3.rel1.linux64_1.0.200.202406132123/tools/bin/../lib/gcc/arm-none-eabi/12.3.1/../../../../arm-none-eabi/lib/thumb/v7e-m+fp/hard/libc_nano.a(libc_a-printf.o)
 .ARM.attributes
                0x000001af       0x34 /opt/st/stm32cubeide_1.16.1/plugins/com.st.stm32cube.ide.mcu.externaltools.gnu-tools-for-stm32.12.3.rel1.linux64_1.0.200.202406132123/tools/bin/../lib/gcc/arm-none-eabi/12.3.1/../../../../arm-none-eabi/lib/thumb/v7e-m+fp/hard/libc_nano.a(libc_a-puts.o)
 .ARM.attributes
                0x000001e3       0x34 /opt/st/stm32cubeide_1.16.1/plugins/com.st.stm32cube.ide.mcu.externaltools.gnu-tools-for-stm32.12.3.rel1.linux64_1.0.200.202406132123/tools/bin/../lib/gcc/arm-none-eabi/12.3.1/../../../../arm-none-eabi/lib/thumb/v7e-m+fp/hard/libc_nano.a(libc_a-stdio.o)
 .ARM.attributes
                0x00000217       0x34 /opt/st/stm32cubeide_1.16.1/plugins/com.st.stm32cube.ide.mcu.externaltools.gnu-tools-for-stm32.12.3.rel1.linux64_1.0.200.202406132123/tools/bin/../lib/gcc/arm-none-eabi/12.3.1/../../../../arm-none-eabi/lib/thumb/v7e-m+fp/hard/libc_nano.a(libc_a-wbuf.o)
 .ARM.attributes
                0x0000024b       0x34 /opt/st/stm32cubeide_1.16.1/plugins/com.st.stm32cube.ide.mcu.externaltools.gnu-tools-for-stm32.12.3.rel1.linux64_1.0.200.202406132123/tools/bin/../lib/gcc/arm-none-eabi/12.3.1/../../../../arm-none-eabi/lib/thumb/v7e-m+fp/hard/libc_nano.a(libc_a-wsetup.o)
 .ARM.attributes
                0x0000027f       0x34 /opt/st/stm32cubeide_1.16.1/plugins/com.st.stm32cube.ide.mcu.externaltools.gnu-tools-for-stm32.12.3.rel1.linux64_1.0.200.202406132123/tools/bin/../lib/gcc/arm-none-eabi/12.3.1/../../../../arm-none-eabi/lib/thumb/v7e-m+fp/hard/libc_nano.a(libc_a-memset.o)
 .ARM.attributes
                0x000002b3       0x34 /opt/st/stm32cubeide_1.16.1/plugins/com.st.stm32cube.ide.mcu.externaltools.gnu-tools-for-stm32.12.3.rel1.linux64_1.0.200.202406132123/tools/bin/../lib/gcc/arm-none-eabi/12.3.1/../../../../arm-none-eabi/lib/thumb/v7e-m+fp/hard/libc_nano.a(libc_a-closer.o)
 .ARM.attributes
                0x000002e7       0x34 /opt/st/stm32cubeide_1.16.1/plugins/com.st.stm32cube.ide.mcu.externaltools.gnu-tools-for-stm32.12.3.rel1.linux64_1.0.200.202406132123/tools/bin/../lib/gcc/arm-none-eabi/12.3.1/../../../../arm-none-eabi/lib/thumb/v7e-m+fp/hard/libc_nano.a(libc_a-reent.o)
 .ARM.attributes
                0x0000031b       0x34 /opt/st/stm32cubeide_1.16.1/plugins/com.st.stm32cube.ide.mcu.externaltools.gnu-tools-for-stm32.12.3.rel1.linux64_1.0.200.202406132123/tools/bin/../lib/gcc/arm-none-eabi/12.3.1/../../../../arm-none-eabi/lib/thumb/v7e-m+fp/hard/libc_nano.a(libc_a-impure.o)
 .ARM.attributes
                0x0000034f       0x34 /opt/st/stm32cubeide_1.16.1/plugins/com.st.stm32cube.ide.mcu.externaltools.gnu-tools-for-stm32.12.3.rel1.linux64_1.0.200.202406132123/tools/bin/../lib/gcc/arm-none-eabi/12.3.1/../../../../arm-none-eabi/lib/thumb/v7e-m+fp/hard/libc_nano.a(libc_a-lseekr.o)
 .ARM.attributes
                0x00000383       0x34 /opt/st/stm32cubeide_1.16.1/plugins/com.st.stm32cube.ide.mcu.externaltools.gnu-tools-for-stm32.12.3.rel1.linux64_1.0.200.202406132123/tools/bin/../lib/gcc/arm-none-eabi/12.3.1/../../../../arm-none-eabi/lib/thumb/v7e-m+fp/hard/libc_nano.a(libc_a-readr.o)
 .ARM.attributes
                0x000003b7       0x34 /opt/st/stm32cubeide_1.16.1/plugins/com.st.stm32cube.ide.mcu.externaltools.gnu-tools-for-stm32.12.3.rel1.linux64_1.0.200.202406132123/tools/bin/../lib/gcc/arm-none-eabi/12.3.1/../../../../arm-none-eabi/lib/thumb/v7e-m+fp/hard/libc_nano.a(libc_a-writer.o)
 .ARM.attributes
                0x000003eb       0x34 /opt/st/stm32cubeide_1.16.1/plugins/com.st.stm32cube.ide.mcu.externaltools.gnu-tools-for-stm32.12.3.rel1.linux64_1.0.200.202406132123/tools/bin/../lib/gcc/arm-none-eabi/12.3.1/../../../../arm-none-eabi/lib/thumb/v7e-m+fp/hard/libc_nano.a(libc_a-errno.o)
 .ARM.attributes
                0x0000041f       0x34 /opt/st/stm32cubeide_1.16.1/plugins/com.st.stm32cube.ide.mcu.externaltools.gnu-tools-for-stm32.12.3.rel1.linux64_1.0.200.202406132123/tools/bin/../lib/gcc/arm-none-eabi/12.3.1/../../../../arm-none-eabi/lib/thumb/v7e-m+fp/hard/libc_nano.a(libc_a-init.o)
 .ARM.attributes
                0x00000453       0x34 /opt/st/stm32cubeide_1.16.1/plugins/com.st.stm32cube.ide.mcu.externaltools.gnu-tools-for-stm32.12.3.rel1.linux64_1.0.200.202406132123/tools/bin/../lib/gcc/arm-none-eabi/12.3.1/../../../../arm-none-eabi/lib/thumb/v7e-m+fp/hard/libc_nano.a(libc_a-lock.o)
 .ARM.attributes
                0x00000487       0x34 /opt/st/stm32cubeide_1.16.1/plugins/com.st.stm32cube.ide.mcu.externaltools.gnu-tools-for-stm32.12.3.rel1.linux64_1.0.200.202406132123/tools/bin/../lib/gcc/arm-none-eabi/12.3.1/../../../../arm-none-eabi/lib/thumb/v7e-m+fp/hard/libc_nano.a(libc_a-freer.o)
 .ARM.attributes
                0x000004bb       0x34 /opt/st/stm32cubeide_1.16.1/plugins/com.st.stm32cube.ide.mcu.externaltools.gnu-tools-for-stm32.12.3.rel1.linux64_1.0.200.202406132123/tools/bin/../lib/gcc/arm-none-eabi/12.3.1/../../../../arm-none-eabi/lib/thumb/v7e-m+fp/hard/libc_nano.a(libc_a-mallocr.o)
 .ARM.attributes
                0x000004ef       0x34 /opt/st/stm32cubeide_1.16.1/plugins/com.st.stm32cube.ide.mcu.externaltools.gnu-tools-for-stm32.12.3.rel1.linux64_1.0.200.202406132123/tools/bin/../lib/gcc/arm-none-eabi/12.3.1/../../../../arm-none-eabi/lib/thumb/v7e-m+fp/hard/libc_nano.a(libc_a-mlock.o)
 .ARM.attributes
                0x00000523       0x34 /opt/st/stm32cubeide_1.16.1/plugins/com.st.stm32cube.ide.mcu.externaltools.gnu-tools-for-stm32.12.3.rel1.linux64_1.0.200.202406132123/tools/bin/../lib/gcc/arm-none-eabi/12.3.1/../../../../arm-none-eabi/lib/thumb/v7e-m+fp/hard/libc_nano.a(libc_a-nano-vfprintf.o)
 .ARM.attributes
                0x00000557       0x34 /opt/st/stm32cubeide_1.16.1/plugins/com.st.stm32cube.ide.mcu.externaltools.gnu-tools-for-stm32.12.3.rel1.linux64_1.0.200.202406132123/tools/bin/../lib/gcc/arm-none-eabi/12.3.1/../../../../arm-none-eabi/lib/thumb/v7e-m+fp/hard/libc_nano.a(libc_a-nano-vfprintf_i.o)
 .ARM.attributes
                0x0000058b       0x34 /opt/st/stm32cubeide_1.16.1/plugins/com.st.stm32cube.ide.mcu.externaltools.gnu-tools-for-stm32.12.3.rel1.linux64_1.0.200.202406132123/tools/bin/../lib/gcc/arm-none-eabi/12.3.1/../../../../arm-none-eabi/lib/thumb/v7e-m+fp/hard/libc_nano.a(libc_a-fflush.o)
 .ARM.attributes
                0x000005bf       0x34 /opt/st/stm32cubeide_1.16.1/plugins/com.st.stm32cube.ide.mcu.externaltools.gnu-tools-for-stm32.12.3.rel1.linux64_1.0.200.202406132123/tools/bin/../lib/gcc/arm-none-eabi/12.3.1/../../../../arm-none-eabi/lib/thumb/v7e-m+fp/hard/libc_nano.a(libc_a-makebuf.o)
 .ARM.attributes
                0x000005f3       0x34 /opt/st/stm32cubeide_1.16.1/plugins/com.st.stm32cube.ide.mcu.externaltools.gnu-tools-for-stm32.12.3.rel1.linux64_1.0.200.202406132123/tools/bin/../lib/gcc/arm-none-eabi/12.3.1/../../../../arm-none-eabi/lib/thumb/v7e-m+fp/hard/libc_nano.a(libc_a-fstatr.o)
 .ARM.attributes
                0x00000627       0x34 /opt/st/stm32cubeide_1.16.1/plugins/com.st.stm32cube.ide.mcu.externaltools.gnu-tools-for-stm32.12.3.rel1.linux64_1.0.200.202406132123/tools/bin/../lib/gcc/arm-none-eabi/12.3.1/../../../../arm-none-eabi/lib/thumb/v7e-m+fp/hard/libc_nano.a(libc_a-isattyr.o)
 .ARM.attributes
                0x0000065b       0x34 /opt/st/stm32cubeide_1.16.1/plugins/com.st.stm32cube.ide.mcu.externaltools.gnu-tools-for-stm32.12.3.rel1.linux64_1.0.200.202406132123/tools/bin/../lib/gcc/arm-none-eabi/12.3.1/../../../../arm-none-eabi/lib/thumb/v7e-m+fp/hard/libc_nano.a(libc_a-sbrkr.o)
 .ARM.attributes
                0x0000068f       0x1c /opt/st/stm32cubeide_1.16.1/plugins/com.st.stm32cube.ide.mcu.externaltools.gnu-tools-for-stm32.12.3.rel1.linux64_1.0.200.202406132123/tools/bin/../lib/gcc/arm-none-eabi/12.3.1/../../../../arm-none-eabi/lib/thumb/v7e-m+fp/hard/libc_nano.a(libc_a-memchr.o)
 .ARM.attributes
                0x000006ab       0x22 /opt/st/stm32cubeide_1.16.1/plugins/com.st.stm32cube.ide.mcu.externaltools.gnu-tools-for-stm32.12.3.rel1.linux64_1.0.200.202406132123/tools/bin/../lib/gcc/arm-none-eabi/12.3.1/thumb/v7e-m+fp/hard/crtn.o
OUTPUT(011_svc_exception.elf elf32-littlearm)
LOAD linker stubs
LOAD /opt/st/stm32cubeide_1.16.1/plugins/com.st.stm32cube.ide.mcu.externaltools.gnu-tools-for-stm32.12.3.rel1.linux64_1.0.200.202406132123/tools/bin/../lib/gcc/arm-none-eabi/12.3.1/../../../../arm-none-eabi/lib/thumb/v7e-m+fp/hard/libc.a
LOAD /opt/st/stm32cubeide_1.16.1/plugins/com.st.stm32cube.ide.mcu.externaltools.gnu-tools-for-stm32.12.3.rel1.linux64_1.0.200.202406132123/tools/bin/../lib/gcc/arm-none-eabi/12.3.1/../../../../arm-none-eabi/lib/thumb/v7e-m+fp/hard/libm.a
LOAD /opt/st/stm32cubeide_1.16.1/plugins/com.st.stm32cube.ide.mcu.externaltools.gnu-tools-for-stm32.12.3.rel1.linux64_1.0.200.202406132123/tools/bin/../lib/gcc/arm-none-eabi/12.3.1/thumb/v7e-m+fp/hard/libgcc.a

.debug_info     0x00000000      0x9c8
 .debug_info    0x00000000      0x152 ./Src/main.o
 .debug_info    0x00000152      0x6de ./Src/syscalls.o
 .debug_info    0x00000830      0x168 ./Src/sysmem.o
 .debug_info    0x00000998       0x30 ./Startup/startup_stm32f401retx.o

.debug_abbrev   0x00000000      0x372
 .debug_abbrev  0x00000000       0xe1 ./Src/main.o
 .debug_abbrev  0x000000e1      0x1b1 ./Src/syscalls.o
 .debug_abbrev  0x00000292       0xbc ./Src/sysmem.o
 .debug_abbrev  0x0000034e       0x24 ./Startup/startup_stm32f401retx.o

.debug_aranges  0x00000000      0x128
 .debug_aranges
                0x00000000       0x30 ./Src/main.o
 .debug_aranges
                0x00000030       0xb0 ./Src/syscalls.o
 .debug_aranges
                0x000000e0       0x20 ./Src/sysmem.o
 .debug_aranges
                0x00000100       0x28 ./Startup/startup_stm32f401retx.o

.debug_rnglists
                0x00000000       0xca
 .debug_rnglists
                0x00000000       0x1f ./Src/main.o
 .debug_rnglists
                0x0000001f       0x7f ./Src/syscalls.o
 .debug_rnglists
                0x0000009e       0x13 ./Src/sysmem.o
 .debug_rnglists
                0x000000b1       0x19 ./Startup/startup_stm32f401retx.o

.debug_macro    0x00000000     0x2cd6
 .debug_macro   0x00000000      0x140 ./Src/main.o
 .debug_macro   0x00000140      0xac0 ./Src/main.o
 .debug_macro   0x00000c00       0x22 ./Src/main.o
 .debug_macro   0x00000c22       0x8e ./Src/main.o
 .debug_macro   0x00000cb0       0x51 ./Src/main.o
 .debug_macro   0x00000d01      0x103 ./Src/main.o
 .debug_macro   0x00000e04       0x6a ./Src/main.o
 .debug_macro   0x00000e6e      0x1df ./Src/main.o
 .debug_macro   0x0000104d       0x61 ./Src/main.o
 .debug_macro   0x000010ae       0x2a ./Src/main.o
 .debug_macro   0x000010d8       0x43 ./Src/main.o
 .debug_macro   0x0000111b       0x34 ./Src/main.o
 .debug_macro   0x0000114f       0x16 ./Src/main.o
 .debug_macro   0x00001165       0x9e ./Src/main.o
 .debug_macro   0x00001203      0x369 ./Src/main.o
 .debug_macro   0x0000156c      0x10b ./Src/main.o
 .debug_macro   0x00001677       0x10 ./Src/main.o
 .debug_macro   0x00001687       0x16 ./Src/main.o
 .debug_macro   0x0000169d       0x43 ./Src/main.o
 .debug_macro   0x000016e0       0x34 ./Src/main.o
 .debug_macro   0x00001714       0x10 ./Src/main.o
 .debug_macro   0x00001724       0x58 ./Src/main.o
 .debug_macro   0x0000177c       0x8e ./Src/main.o
 .debug_macro   0x0000180a       0x1c ./Src/main.o
 .debug_macro   0x00001826      0x177 ./Src/main.o
 .debug_macro   0x0000199d       0x16 ./Src/main.o
 .debug_macro   0x000019b3       0x16 ./Src/main.o
 .debug_macro   0x000019c9      0x146 ./Src/main.o
 .debug_macro   0x00001b0f      0x28c ./Src/syscalls.o
 .debug_macro   0x00001d9b       0x5b ./Src/syscalls.o
 .debug_macro   0x00001df6       0x94 ./Src/syscalls.o
 .debug_macro   0x00001e8a       0x57 ./Src/syscalls.o
 .debug_macro   0x00001ee1      0x189 ./Src/syscalls.o
 .debug_macro   0x0000206a       0x10 ./Src/syscalls.o
 .debug_macro   0x0000207a       0x35 ./Src/syscalls.o
 .debug_macro   0x000020af       0x10 ./Src/syscalls.o
 .debug_macro   0x000020bf       0x10 ./Src/syscalls.o
 .debug_macro   0x000020cf       0x10 ./Src/syscalls.o
 .debug_macro   0x000020df       0x1c ./Src/syscalls.o
 .debug_macro   0x000020fb       0x52 ./Src/syscalls.o
 .debug_macro   0x0000214d       0x22 ./Src/syscalls.o
 .debug_macro   0x0000216f       0x10 ./Src/syscalls.o
 .debug_macro   0x0000217f       0x52 ./Src/syscalls.o
 .debug_macro   0x000021d1       0xcf ./Src/syscalls.o
 .debug_macro   0x000022a0       0x1c ./Src/syscalls.o
 .debug_macro   0x000022bc       0x3d ./Src/syscalls.o
 .debug_macro   0x000022f9       0x35 ./Src/syscalls.o
 .debug_macro   0x0000232e      0x12c ./Src/syscalls.o
 .debug_macro   0x0000245a       0x16 ./Src/syscalls.o
 .debug_macro   0x00002470       0x16 ./Src/syscalls.o
 .debug_macro   0x00002486       0x29 ./Src/syscalls.o
 .debug_macro   0x000024af       0x10 ./Src/syscalls.o
 .debug_macro   0x000024bf      0x242 ./Src/syscalls.o
 .debug_macro   0x00002701       0x1c ./Src/syscalls.o
 .debug_macro   0x0000271d       0x10 ./Src/syscalls.o
 .debug_macro   0x0000272d      0x18a ./Src/syscalls.o
 .debug_macro   0x000028b7       0x16 ./Src/syscalls.o
 .debug_macro   0x000028cd       0xce ./Src/syscalls.o
 .debug_macro   0x0000299b       0xff ./Src/sysmem.o
 .debug_macro   0x00002a9a      0x23c ./Src/sysmem.o

.debug_line     0x00000000     0x123a
 .debug_line    0x00000000      0x4ee ./Src/main.o
 .debug_line    0x000004ee      0x81e ./Src/syscalls.o
 .debug_line    0x00000d0c      0x4b3 ./Src/sysmem.o
 .debug_line    0x000011bf       0x7b ./Startup/startup_stm32f401retx.o

.debug_str      0x00000000     0x9834
 .debug_str     0x00000000     0x761f ./Src/main.o
                               0x781d (size before relaxing)
 .debug_str     0x0000761f     0x2170 ./Src/syscalls.o
                               0x9998 (size before relaxing)
 .debug_str     0x0000978f       0x66 ./Src/sysmem.o
                               0x60ea (size before relaxing)
 .debug_str     0x000097f5       0x3f ./Startup/startup_stm32f401retx.o
                                 0x8a (size before relaxing)

.comment        0x00000000       0x43
 .comment       0x00000000       0x43 ./Src/main.o
                                 0x44 (size before relaxing)
 .comment       0x00000043       0x44 ./Src/syscalls.o
 .comment       0x00000043       0x44 ./Src/sysmem.o

.debug_frame    0x00000000      0xb78
 .debug_frame   0x00000000       0x60 ./Src/main.o
 .debug_frame   0x00000060      0x2d4 ./Src/syscalls.o
 .debug_frame   0x00000334       0x34 ./Src/sysmem.o
 .debug_frame   0x00000368      0x144 /opt/st/stm32cubeide_1.16.1/plugins/com.st.stm32cube.ide.mcu.externaltools.gnu-tools-for-stm32.12.3.rel1.linux64_1.0.200.202406132123/tools/bin/../lib/gcc/arm-none-eabi/12.3.1/../../../../arm-none-eabi/lib/thumb/v7e-m+fp/hard/libc_nano.a(libc_a-findfp.o)
 .debug_frame   0x000004ac       0x34 /opt/st/stm32cubeide_1.16.1/plugins/com.st.stm32cube.ide.mcu.externaltools.gnu-tools-for-stm32.12.3.rel1.linux64_1.0.200.202406132123/tools/bin/../lib/gcc/arm-none-eabi/12.3.1/../../../../arm-none-eabi/lib/thumb/v7e-m+fp/hard/libc_nano.a(libc_a-fwalk.o)
 .debug_frame   0x000004e0       0x6c /opt/st/stm32cubeide_1.16.1/plugins/com.st.stm32cube.ide.mcu.externaltools.gnu-tools-for-stm32.12.3.rel1.linux64_1.0.200.202406132123/tools/bin/../lib/gcc/arm-none-eabi/12.3.1/../../../../arm-none-eabi/lib/thumb/v7e-m+fp/hard/libc_nano.a(libc_a-printf.o)
 .debug_frame   0x0000054c       0x3c /opt/st/stm32cubeide_1.16.1/plugins/com.st.stm32cube.ide.mcu.externaltools.gnu-tools-for-stm32.12.3.rel1.linux64_1.0.200.202406132123/tools/bin/../lib/gcc/arm-none-eabi/12.3.1/../../../../arm-none-eabi/lib/thumb/v7e-m+fp/hard/libc_nano.a(libc_a-puts.o)
 .debug_frame   0x00000588       0x88 /opt/st/stm32cubeide_1.16.1/plugins/com.st.stm32cube.ide.mcu.externaltools.gnu-tools-for-stm32.12.3.rel1.linux64_1.0.200.202406132123/tools/bin/../lib/gcc/arm-none-eabi/12.3.1/../../../../arm-none-eabi/lib/thumb/v7e-m+fp/hard/libc_nano.a(libc_a-stdio.o)
 .debug_frame   0x00000610       0x40 /opt/st/stm32cubeide_1.16.1/plugins/com.st.stm32cube.ide.mcu.externaltools.gnu-tools-for-stm32.12.3.rel1.linux64_1.0.200.202406132123/tools/bin/../lib/gcc/arm-none-eabi/12.3.1/../../../../arm-none-eabi/lib/thumb/v7e-m+fp/hard/libc_nano.a(libc_a-wbuf.o)
 .debug_frame   0x00000650       0x2c /opt/st/stm32cubeide_1.16.1/plugins/com.st.stm32cube.ide.mcu.externaltools.gnu-tools-for-stm32.12.3.rel1.linux64_1.0.200.202406132123/tools/bin/../lib/gcc/arm-none-eabi/12.3.1/../../../../arm-none-eabi/lib/thumb/v7e-m+fp/hard/libc_nano.a(libc_a-wsetup.o)
 .debug_frame   0x0000067c       0x20 /opt/st/stm32cubeide_1.16.1/plugins/com.st.stm32cube.ide.mcu.externaltools.gnu-tools-for-stm32.12.3.rel1.linux64_1.0.200.202406132123/tools/bin/../lib/gcc/arm-none-eabi/12.3.1/../../../../arm-none-eabi/lib/thumb/v7e-m+fp/hard/libc_nano.a(libc_a-memset.o)
 .debug_frame   0x0000069c       0x2c /opt/st/stm32cubeide_1.16.1/plugins/com.st.stm32cube.ide.mcu.externaltools.gnu-tools-for-stm32.12.3.rel1.linux64_1.0.200.202406132123/tools/bin/../lib/gcc/arm-none-eabi/12.3.1/../../../../arm-none-eabi/lib/thumb/v7e-m+fp/hard/libc_nano.a(libc_a-closer.o)
 .debug_frame   0x000006c8       0x38 /opt/st/stm32cubeide_1.16.1/plugins/com.st.stm32cube.ide.mcu.externaltools.gnu-tools-for-stm32.12.3.rel1.linux64_1.0.200.202406132123/tools/bin/../lib/gcc/arm-none-eabi/12.3.1/../../../../arm-none-eabi/lib/thumb/v7e-m+fp/hard/libc_nano.a(libc_a-reent.o)
 .debug_frame   0x00000700       0x2c /opt/st/stm32cubeide_1.16.1/plugins/com.st.stm32cube.ide.mcu.externaltools.gnu-tools-for-stm32.12.3.rel1.linux64_1.0.200.202406132123/tools/bin/../lib/gcc/arm-none-eabi/12.3.1/../../../../arm-none-eabi/lib/thumb/v7e-m+fp/hard/libc_nano.a(libc_a-lseekr.o)
 .debug_frame   0x0000072c       0x2c /opt/st/stm32cubeide_1.16.1/plugins/com.st.stm32cube.ide.mcu.externaltools.gnu-tools-for-stm32.12.3.rel1.linux64_1.0.200.202406132123/tools/bin/../lib/gcc/arm-none-eabi/12.3.1/../../../../arm-none-eabi/lib/thumb/v7e-m+fp/hard/libc_nano.a(libc_a-readr.o)
 .debug_frame   0x00000758       0x2c /opt/st/stm32cubeide_1.16.1/plugins/com.st.stm32cube.ide.mcu.externaltools.gnu-tools-for-stm32.12.3.rel1.linux64_1.0.200.202406132123/tools/bin/../lib/gcc/arm-none-eabi/12.3.1/../../../../arm-none-eabi/lib/thumb/v7e-m+fp/hard/libc_nano.a(libc_a-writer.o)
 .debug_frame   0x00000784       0x20 /opt/st/stm32cubeide_1.16.1/plugins/com.st.stm32cube.ide.mcu.externaltools.gnu-tools-for-stm32.12.3.rel1.linux64_1.0.200.202406132123/tools/bin/../lib/gcc/arm-none-eabi/12.3.1/../../../../arm-none-eabi/lib/thumb/v7e-m+fp/hard/libc_nano.a(libc_a-errno.o)
 .debug_frame   0x000007a4       0x2c /opt/st/stm32cubeide_1.16.1/plugins/com.st.stm32cube.ide.mcu.externaltools.gnu-tools-for-stm32.12.3.rel1.linux64_1.0.200.202406132123/tools/bin/../lib/gcc/arm-none-eabi/12.3.1/../../../../arm-none-eabi/lib/thumb/v7e-m+fp/hard/libc_nano.a(libc_a-init.o)
 .debug_frame   0x000007d0       0xb0 /opt/st/stm32cubeide_1.16.1/plugins/com.st.stm32cube.ide.mcu.externaltools.gnu-tools-for-stm32.12.3.rel1.linux64_1.0.200.202406132123/tools/bin/../lib/gcc/arm-none-eabi/12.3.1/../../../../arm-none-eabi/lib/thumb/v7e-m+fp/hard/libc_nano.a(libc_a-lock.o)
 .debug_frame   0x00000880       0x38 /opt/st/stm32cubeide_1.16.1/plugins/com.st.stm32cube.ide.mcu.externaltools.gnu-tools-for-stm32.12.3.rel1.linux64_1.0.200.202406132123/tools/bin/../lib/gcc/arm-none-eabi/12.3.1/../../../../arm-none-eabi/lib/thumb/v7e-m+fp/hard/libc_nano.a(libc_a-freer.o)
 .debug_frame   0x000008b8       0x50 /opt/st/stm32cubeide_1.16.1/plugins/com.st.stm32cube.ide.mcu.externaltools.gnu-tools-for-stm32.12.3.rel1.linux64_1.0.200.202406132123/tools/bin/../lib/gcc/arm-none-eabi/12.3.1/../../../../arm-none-eabi/lib/thumb/v7e-m+fp/hard/libc_nano.a(libc_a-mallocr.o)
 .debug_frame   0x00000908       0x30 /opt/st/stm32cubeide_1.16.1/plugins/com.st.stm32cube.ide.mcu.externaltools.gnu-tools-for-stm32.12.3.rel1.linux64_1.0.200.202406132123/tools/bin/../lib/gcc/arm-none-eabi/12.3.1/../../../../arm-none-eabi/lib/thumb/v7e-m+fp/hard/libc_nano.a(libc_a-mlock.o)
 .debug_frame   0x00000938       0xa8 /opt/st/stm32cubeide_1.16.1/plugins/com.st.stm32cube.ide.mcu.externaltools.gnu-tools-for-stm32.12.3.rel1.linux64_1.0.200.202406132123/tools/bin/../lib/gcc/arm-none-eabi/12.3.1/../../../../arm-none-eabi/lib/thumb/v7e-m+fp/hard/libc_nano.a(libc_a-nano-vfprintf.o)
 .debug_frame   0x000009e0       0x60 /opt/st/stm32cubeide_1.16.1/plugins/com.st.stm32cube.ide.mcu.externaltools.gnu-tools-for-stm32.12.3.rel1.linux64_1.0.200.202406132123/tools/bin/../lib/gcc/arm-none-eabi/12.3.1/../../../../arm-none-eabi/lib/thumb/v7e-m+fp/hard/libc_nano.a(libc_a-nano-vfprintf_i.o)
 .debug_frame   0x00000a40       0x5c /opt/st/stm32cubeide_1.16.1/plugins/com.st.stm32cube.ide.mcu.externaltools.gnu-tools-for-stm32.12.3.rel1.linux64_1.0.200.202406132123/tools/bin/../lib/gcc/arm-none-eabi/12.3.1/../../../../arm-none-eabi/lib/thumb/v7e-m+fp/hard/libc_nano.a(libc_a-fflush.o)
 .debug_frame   0x00000a9c       0x58 /opt/st/stm32cubeide_1.16.1/plugins/com.st.stm32cube.ide.mcu.externaltools.gnu-tools-for-stm32.12.3.rel1.linux64_1.0.200.202406132123/tools/bin/../lib/gcc/arm-none-eabi/12.3.1/../../../../arm-none-eabi/lib/thumb/v7e-m+fp/hard/libc_nano.a(libc_a-makebuf.o)
 .debug_frame   0x00000af4       0x2c /opt/st/stm32cubeide_1.16.1/plugins/com.st.stm32cube.ide.mcu.externaltools.gnu-tools-for-stm32.12.3.rel1.linux64_1.0.200.202406132123/tools/bin/../lib/gcc/arm-none-eabi/12.3.1/../../../../arm-none-eabi/lib/thumb/v7e-m+fp/hard/libc_nano.a(libc_a-fstatr.o)
 .debug_frame   0x00000b20       0x2c /opt/st/stm32cubeide_1.16.1/plugins/com.st.stm32cube.ide.mcu.externaltools.gnu-tools-for-stm32.12.3.rel1.linux64_1.0.200.202406132123/tools/bin/../lib/gcc/arm-none-eabi/12.3.1/../../../../arm-none-eabi/lib/thumb/v7e-m+fp/hard/libc_nano.a(libc_a-isattyr.o)
 .debug_frame   0x00000b4c       0x2c /opt/st/stm32cubeide_1.16.1/plugins/com.st.stm32cube.ide.mcu.externaltools.gnu-tools-for-stm32.12.3.rel1.linux64_1.0.200.202406132123/tools/bin/../lib/gcc/arm-none-eabi/12.3.1/../../../../arm-none-eabi/lib/thumb/v7e-m+fp/hard/libc_nano.a(libc_a-sbrkr.o)

.debug_line_str
                0x00000000       0x6e
 .debug_line_str
                0x00000000       0x6e ./Startup/startup_stm32f401retx.o
